2026-10-08 00:03:38 1791435818.005329 [tornettools] [INFO] Logging system initialized! Logging events to stdout and to '/work/hdd/bdpr/vmattoo2/tor-shadow/data/staged/tornettools.stage.2026-10-08.00.03.37.log'
2026-10-08 00:03:38 1791435818.083649 [tornettools] [INFO] Seeded standard and numpy PRNGs with seed=1
2026-10-08 00:03:38 1791435818.083882 [tornettools] [INFO] The argument namespace is: Namespace(do_version=False, quiet=0, seed=1, command='stage', consensus_path='/tmp/stage.1036331/consensuses-2026-09', server_descriptor_path='/tmp/stage.1036331/server-descriptors-2026-09', user_stats_path='/work/hdd/bdpr/vmattoo2/tor-shadow/data/userstats-relay-country.csv', tmodel_git_path='/work/hdd/bdpr/vmattoo2/tor-shadow/data/tmodel-ccs2018.github.io', onionperf_data_path='/tmp/stage.1036331/onionperf-2026-09', bandwidth_data_path='/work/hdd/bdpr/vmattoo2/tor-shadow/data/bandwidth-2026-09.csv', geoip_path='/work/hdd/bdpr/vmattoo2/tor-shadow/src/tor/src/config/geoip', prefix='/work/hdd/bdpr/vmattoo2/tor-shadow/data/staged', nprocesses=16, do_compress=False, func=<function stage at 0x7fc8a73dd760>, formatter_class=<class '__main__.CustomHelpFormatter'>)
2026-10-08 00:03:38 1791435818.102524 [tornettools] [INFO] The platform is: Linux-5.14.0-570.144.1.el9_6.x86_64-x86_64-with-glibc2.34
2026-10-08 00:03:38 1791435818.102723 [tornettools] [INFO] System info: uname_result(system='Linux', node='cn007.delta.ncsa.illinois.edu', release='5.14.0-570.144.1.el9_6.x86_64', version='#1 SMP PREEMPT_DYNAMIC Wed Sep 23 13:16:03 EDT 2026', machine='x86_64')
2026-10-08 00:03:57 1791435837.804619 [tornettools] [INFO] Starting to process Tor metrics data using 16 processes
2026-10-08 00:03:57 1791435837.806766 [tornettools] [INFO] Processing 720 consensus files from /tmp/stage.1036331/consensuses-2026-09...
2026-10-08 00:05:00 1791435900.060256 [tornettools] [INFO] Found 11552 total unique relays during 2026-09-01--2026-09-30 with a median network size of 9382 relays
2026-10-08 00:05:02 1791435902.628654 [tornettools] [INFO] Processing 573725 server descriptor files from /tmp/stage.1036331/server-descriptors-2026-09...
2026-10-08 00:05:23 1791435923.412872 [tornettools] [INFO] We found bandwidth information for 11544 of 11552 relays
2026-10-08 00:05:25 1791435925.122629 [tornettools] [INFO] Writing relay info to /work/hdd/bdpr/vmattoo2/tor-shadow/data/staged/relayinfo_staging_2026-09-01--2026-09-30.json
2026-10-08 00:05:26 1791435926.035984 [tornettools] [INFO] Processing user file from /work/hdd/bdpr/vmattoo2/tor-shadow/data/userstats-relay-country.csv...
2026-10-08 00:05:46 1791435946.027578 [tornettools] [INFO] Writing user info to /work/hdd/bdpr/vmattoo2/tor-shadow/data/staged/userinfo_staging_2026-09-01--2026-09-30.json
2026-10-08 00:05:46 1791435946.095065 [tornettools] [INFO] Reading compressed network graph /work/hdd/bdpr/vmattoo2/tor-shadow/data/tmodel-ccs2018.github.io/data/shadow/network/atlas_v201801.shadow_v2.gml.xz
2026-10-08 00:09:06 1791436146.264191 [tornettools] [INFO] Finished reading network graph
2026-10-08 00:09:08 1791436148.417111 [tornettools] [INFO] Parsing bandwidth data stored in '/work/hdd/bdpr/vmattoo2/tor-shadow/data/bandwidth-2026-09.csv'
2026-10-08 00:09:08 1791436148.462571 [tornettools] [INFO] Finished parsing bandwidth data
2026-10-08 00:09:08 1791436148.462746 [tornettools] [INFO] Extracting onionperf data stored in '/tmp/stage.1036331/onionperf-2026-09'
2026-10-08 00:09:08 1791436148.463033 [tornettools] [INFO] Processing onionperf file: '/tmp/stage.1036331/onionperf-2026-09/20/2026-09-20.op-de8a.onionperf.analysis.json.xz'
2026-10-08 00:09:08 1791436148.674435 [tornettools] [INFO] Processing onionperf file: '/tmp/stage.1036331/onionperf-2026-09/20/2026-09-20.op-hk8a.onionperf.analysis.json.xz'
2026-10-08 00:09:08 1791436148.897441 [tornettools] [INFO] Processing onionperf file: '/tmp/stage.1036331/onionperf-2026-09/20/2026-09-20.op-us8a.onionperf.analysis.json.xz'
2026-10-08 00:09:09 1791436149.134774 [tornettools] [INFO] Processing onionperf file: '/tmp/stage.1036331/onionperf-2026-09/20/2026-09-20.op-de8a-conflux.onionperf.analysis.json.xz'
2026-10-08 00:09:09 1791436149.392337 [tornettools] [INFO] Processing onionperf file: '/tmp/stage.1036331/onionperf-2026-09/20/2026-09-20.op-hk8a-conflux.onionperf.analysis.json.xz'
2026-10-08 00:09:09 1791436149.654311 [tornettools] [INFO] Processing onionperf file: '/tmp/stage.1036331/onionperf-2026-09/20/2026-09-20.op-us8a-conflux.onionperf.analysis.json.xz'
2026-10-08 00:09:09 1791436149.945549 [tornettools] [INFO] Processing onionperf file: '/tmp/stage.1036331/onionperf-2026-09/19/2026-09-19.op-de8a.onionperf.analysis.json.xz'
2026-10-08 00:09:10 1791436150.173227 [tornettools] [INFO] Processing onionperf file: '/tmp/stage.1036331/onionperf-2026-09/19/2026-09-19.op-hk8a.onionperf.analysis.json.xz'
2026-10-08 00:09:10 1791436150.432204 [tornettools] [INFO] Processing onionperf file: '/tmp/stage.1036331/onionperf-2026-09/19/2026-09-19.op-us8a.onionperf.analysis.json.xz'
2026-10-08 00:09:11 1791436151.147714 [tornettools] [INFO] Processing onionperf file: '/tmp/stage.1036331/onionperf-2026-09/19/2026-09-19.op-de8a-conflux.onionperf.analysis.json.xz'
2026-10-08 00:09:11 1791436151.487969 [tornettools] [INFO] Processing onionperf file: '/tmp/stage.1036331/onionperf-2026-09/19/2026-09-19.op-hk8a-conflux.onionperf.analysis.json.xz'
2026-10-08 00:09:11 1791436151.837016 [tornettools] [INFO] Processing onionperf file: '/tmp/stage.1036331/onionperf-2026-09/18/2026-09-18.op-de8a.onionperf.analysis.json.xz'
2026-10-08 00:09:12 1791436152.025698 [tornettools] [INFO] Processing onionperf file: '/tmp/stage.1036331/onionperf-2026-09/18/2026-09-18.op-hk8a.onionperf.analysis.json.xz'
2026-10-08 00:09:12 1791436152.253928 [tornettools] [INFO] Processing onionperf file: '/tmp/stage.1036331/onionperf-2026-09/18/2026-09-18.op-us8a.onionperf.analysis.json.xz'
2026-10-08 00:09:12 1791436152.488260 [tornettools] [INFO] Processing onionperf file: '/tmp/stage.1036331/onionperf-2026-09/18/2026-09-18.op-de8a-conflux.onionperf.analysis.json.xz'
2026-10-08 00:09:12 1791436152.769145 [tornettools] [INFO] Processing onionperf file: '/tmp/stage.1036331/onionperf-2026-09/18/2026-09-18.op-hk8a-conflux.onionperf.analysis.json.xz'
2026-10-08 00:09:13 1791436153.038936 [tornettools] [INFO] Processing onionperf file: '/tmp/stage.1036331/onionperf-2026-09/18/2026-09-18.op-us8a-conflux.onionperf.analysis.json.xz'
2026-10-08 00:09:13 1791436153.313826 [tornettools] [INFO] Processing onionperf file: '/tmp/stage.1036331/onionperf-2026-09/17/2026-09-17.op-hk8a.onionperf.analysis.json.xz'
2026-10-08 00:09:13 1791436153.538947 [tornettools] [INFO] Processing onionperf file: '/tmp/stage.1036331/onionperf-2026-09/17/2026-09-17.op-us8a.onionperf.analysis.json.xz'
2026-10-08 00:09:13 1791436153.764151 [tornettools] [INFO] Processing onionperf file: '/tmp/stage.1036331/onionperf-2026-09/17/2026-09-17.op-de8a-conflux.onionperf.analysis.json.xz'
2026-10-08 00:09:14 1791436154.026330 [tornettools] [INFO] Processing onionperf file: '/tmp/stage.1036331/onionperf-2026-09/17/2026-09-17.op-hk8a-conflux.onionperf.analysis.json.xz'
2026-10-08 00:09:14 1791436154.299666 [tornettools] [INFO] Processing onionperf file: '/tmp/stage.1036331/onionperf-2026-09/17/2026-09-17.op-us8a-conflux.onionperf.analysis.json.xz'
2026-10-08 00:09:14 1791436154.573724 [tornettools] [INFO] Processing onionperf file: '/tmp/stage.1036331/onionperf-2026-09/16/2026-09-16.op-de8a.onionperf.analysis.json.xz'
2026-10-08 00:09:14 1791436154.873185 [tornettools] [INFO] Processing onionperf file: '/tmp/stage.1036331/onionperf-2026-09/16/2026-09-16.op-hk8a.onionperf.analysis.json.xz'
2026-10-08 00:09:15 1791436155.100686 [tornettools] [INFO] Processing onionperf file: '/tmp/stage.1036331/onionperf-2026-09/16/2026-09-16.op-us8a.onionperf.analysis.json.xz'
2026-10-08 00:09:15 1791436155.328187 [tornettools] [INFO] Processing onionperf file: '/tmp/stage.1036331/onionperf-2026-09/16/2026-09-16.op-de8a-conflux.onionperf.analysis.json.xz'
2026-10-08 00:09:15 1791436155.598184 [tornettools] [INFO] Processing onionperf file: '/tmp/stage.1036331/onionperf-2026-09/16/2026-09-16.op-hk8a-conflux.onionperf.analysis.json.xz'
2026-10-08 00:09:15 1791436155.874910 [tornettools] [INFO] Processing onionperf file: '/tmp/stage.1036331/onionperf-2026-09/15/2026-09-15.op-de8a.onionperf.analysis.json.xz'
2026-10-08 00:09:16 1791436156.137591 [tornettools] [INFO] Processing onionperf file: '/tmp/stage.1036331/onionperf-2026-09/15/2026-09-15.op-hk8a.onionperf.analysis.json.xz'
2026-10-08 00:09:16 1791436156.375641 [tornettools] [INFO] Processing onionperf file: '/tmp/stage.1036331/onionperf-2026-09/15/2026-09-15.op-us8a.onionperf.analysis.json.xz'
2026-10-08 00:09:16 1791436156.650254 [tornettools] [INFO] Processing onionperf file: '/tmp/stage.1036331/onionperf-2026-09/15/2026-09-15.op-de8a-conflux.onionperf.analysis.json.xz'
2026-10-08 00:09:16 1791436156.921800 [tornettools] [INFO] Processing onionperf file: '/tmp/stage.1036331/onionperf-2026-09/15/2026-09-15.op-hk8a-conflux.onionperf.analysis.json.xz'
2026-10-08 00:09:17 1791436157.199398 [tornettools] [INFO] Processing onionperf file: '/tmp/stage.1036331/onionperf-2026-09/15/2026-09-15.op-us8a-conflux.onionperf.analysis.json.xz'
2026-10-08 00:09:17 1791436157.525124 [tornettools] [INFO] Processing onionperf file: '/tmp/stage.1036331/onionperf-2026-09/14/2026-09-14.op-de8a.onionperf.analysis.json.xz'
2026-10-08 00:09:17 1791436157.790047 [tornettools] [INFO] Processing onionperf file: '/tmp/stage.1036331/onionperf-2026-09/14/2026-09-14.op-hk8a.onionperf.analysis.json.xz'
2026-10-08 00:09:18 1791436158.009790 [tornettools] [INFO] Processing onionperf file: '/tmp/stage.1036331/onionperf-2026-09/14/2026-09-14.op-us8a.onionperf.analysis.json.xz'
2026-10-08 00:09:18 1791436158.248961 [tornettools] [INFO] Processing onionperf file: '/tmp/stage.1036331/onionperf-2026-09/14/2026-09-14.op-de8a-conflux.onionperf.analysis.json.xz'
2026-10-08 00:09:18 1791436158.499722 [tornettools] [INFO] Processing onionperf file: '/tmp/stage.1036331/onionperf-2026-09/14/2026-09-14.op-hk8a-conflux.onionperf.analysis.json.xz'
2026-10-08 00:09:18 1791436158.896310 [tornettools] [INFO] Processing onionperf file: '/tmp/stage.1036331/onionperf-2026-09/14/2026-09-14.op-us8a-conflux.onionperf.analysis.json.xz'
2026-10-08 00:09:19 1791436159.187695 [tornettools] [INFO] Processing onionperf file: '/tmp/stage.1036331/onionperf-2026-09/13/2026-09-13.op-de8a.onionperf.analysis.json.xz'
2026-10-08 00:09:19 1791436159.445879 [tornettools] [INFO] Processing onionperf file: '/tmp/stage.1036331/onionperf-2026-09/13/2026-09-13.op-hk8a.onionperf.analysis.json.xz'
2026-10-08 00:09:19 1791436159.668108 [tornettools] [INFO] Processing onionperf file: '/tmp/stage.1036331/onionperf-2026-09/13/2026-09-13.op-us8a.onionperf.analysis.json.xz'
2026-10-08 00:09:19 1791436159.899152 [tornettools] [INFO] Processing onionperf file: '/tmp/stage.1036331/onionperf-2026-09/13/2026-09-13.op-de8a-conflux.onionperf.analysis.json.xz'
2026-10-08 00:09:20 1791436160.139959 [tornettools] [INFO] Processing onionperf file: '/tmp/stage.1036331/onionperf-2026-09/13/2026-09-13.op-hk8a-conflux.onionperf.analysis.json.xz'
2026-10-08 00:09:20 1791436160.402329 [tornettools] [INFO] Processing onionperf file: '/tmp/stage.1036331/onionperf-2026-09/13/2026-09-13.op-us8a-conflux.onionperf.analysis.json.xz'
2026-10-08 00:09:20 1791436160.695391 [tornettools] [INFO] Processing onionperf file: '/tmp/stage.1036331/onionperf-2026-09/12/2026-09-12.op-de8a.onionperf.analysis.json.xz'
2026-10-08 00:09:20 1791436160.957369 [tornettools] [INFO] Processing onionperf file: '/tmp/stage.1036331/onionperf-2026-09/12/2026-09-12.op-hk8a.onionperf.analysis.json.xz'
2026-10-08 00:09:21 1791436161.170418 [tornettools] [INFO] Processing onionperf file: '/tmp/stage.1036331/onionperf-2026-09/12/2026-09-12.op-us8a.onionperf.analysis.json.xz'
2026-10-08 00:09:21 1791436161.389683 [tornettools] [INFO] Processing onionperf file: '/tmp/stage.1036331/onionperf-2026-09/12/2026-09-12.op-de8a-conflux.onionperf.analysis.json.xz'
2026-10-08 00:09:21 1791436161.644411 [tornettools] [INFO] Processing onionperf file: '/tmp/stage.1036331/onionperf-2026-09/12/2026-09-12.op-hk8a-conflux.onionperf.analysis.json.xz'
2026-10-08 00:09:21 1791436161.880806 [tornettools] [INFO] Processing onionperf file: '/tmp/stage.1036331/onionperf-2026-09/12/2026-09-12.op-us8a-conflux.onionperf.analysis.json.xz'
2026-10-08 00:09:22 1791436162.164855 [tornettools] [INFO] Processing onionperf file: '/tmp/stage.1036331/onionperf-2026-09/11/2026-09-11.op-de8a.onionperf.analysis.json.xz'
2026-10-08 00:09:22 1791436162.430790 [tornettools] [INFO] Processing onionperf file: '/tmp/stage.1036331/onionperf-2026-09/11/2026-09-11.op-hk8a.onionperf.analysis.json.xz'
2026-10-08 00:09:22 1791436162.657116 [tornettools] [INFO] Processing onionperf file: '/tmp/stage.1036331/onionperf-2026-09/11/2026-09-11.op-us8a.onionperf.analysis.json.xz'
2026-10-08 00:09:22 1791436162.879791 [tornettools] [INFO] Processing onionperf file: '/tmp/stage.1036331/onionperf-2026-09/11/2026-09-11.op-de8a-conflux.onionperf.analysis.json.xz'
2026-10-08 00:09:23 1791436163.141935 [tornettools] [INFO] Processing onionperf file: '/tmp/stage.1036331/onionperf-2026-09/11/2026-09-11.op-hk8a-conflux.onionperf.analysis.json.xz'
2026-10-08 00:09:23 1791436163.418924 [tornettools] [INFO] Processing onionperf file: '/tmp/stage.1036331/onionperf-2026-09/11/2026-09-11.op-us8a-conflux.onionperf.analysis.json.xz'
2026-10-08 00:09:23 1791436163.740213 [tornettools] [INFO] Processing onionperf file: '/tmp/stage.1036331/onionperf-2026-09/10/2026-09-10.op-de8a.onionperf.analysis.json.xz'
2026-10-08 00:09:24 1791436164.003290 [tornettools] [INFO] Processing onionperf file: '/tmp/stage.1036331/onionperf-2026-09/10/2026-09-10.op-hk8a.onionperf.analysis.json.xz'
2026-10-08 00:09:24 1791436164.247748 [tornettools] [INFO] Processing onionperf file: '/tmp/stage.1036331/onionperf-2026-09/10/2026-09-10.op-us8a.onionperf.analysis.json.xz'
2026-10-08 00:09:24 1791436164.519468 [tornettools] [INFO] Processing onionperf file: '/tmp/stage.1036331/onionperf-2026-09/10/2026-09-10.op-de8a-conflux.onionperf.analysis.json.xz'
2026-10-08 00:09:24 1791436164.814102 [tornettools] [INFO] Processing onionperf file: '/tmp/stage.1036331/onionperf-2026-09/10/2026-09-10.op-hk8a-conflux.onionperf.analysis.json.xz'
2026-10-08 00:09:25 1791436165.098904 [tornettools] [INFO] Processing onionperf file: '/tmp/stage.1036331/onionperf-2026-09/10/2026-09-10.op-us8a-conflux.onionperf.analysis.json.xz'
2026-10-08 00:09:25 1791436165.432622 [tornettools] [INFO] Processing onionperf file: '/tmp/stage.1036331/onionperf-2026-09/09/2026-09-09.op-de8a.onionperf.analysis.json.xz'
2026-10-08 00:09:25 1791436165.681218 [tornettools] [INFO] Processing onionperf file: '/tmp/stage.1036331/onionperf-2026-09/09/2026-09-09.op-hk8a.onionperf.analysis.json.xz'
2026-10-08 00:09:25 1791436165.914298 [tornettools] [INFO] Processing onionperf file: '/tmp/stage.1036331/onionperf-2026-09/09/2026-09-09.op-us8a.onionperf.analysis.json.xz'
2026-10-08 00:09:26 1791436166.152080 [tornettools] [INFO] Processing onionperf file: '/tmp/stage.1036331/onionperf-2026-09/09/2026-09-09.op-de8a-conflux.onionperf.analysis.json.xz'
2026-10-08 00:09:26 1791436166.441283 [tornettools] [INFO] Processing onionperf file: '/tmp/stage.1036331/onionperf-2026-09/09/2026-09-09.op-hk8a-conflux.onionperf.analysis.json.xz'
2026-10-08 00:09:26 1791436166.706295 [tornettools] [INFO] Processing onionperf file: '/tmp/stage.1036331/onionperf-2026-09/09/2026-09-09.op-us8a-conflux.onionperf.analysis.json.xz'
2026-10-08 00:09:27 1791436167.021214 [tornettools] [INFO] Processing onionperf file: '/tmp/stage.1036331/onionperf-2026-09/08/2026-09-08.op-de8a.onionperf.analysis.json.xz'
2026-10-08 00:09:27 1791436167.305252 [tornettools] [INFO] Processing onionperf file: '/tmp/stage.1036331/onionperf-2026-09/08/2026-09-08.op-hk8a.onionperf.analysis.json.xz'
2026-10-08 00:09:27 1791436167.557737 [tornettools] [INFO] Processing onionperf file: '/tmp/stage.1036331/onionperf-2026-09/08/2026-09-08.op-us8a.onionperf.analysis.json.xz'
2026-10-08 00:09:27 1791436167.790035 [tornettools] [INFO] Processing onionperf file: '/tmp/stage.1036331/onionperf-2026-09/08/2026-09-08.op-de8a-conflux.onionperf.analysis.json.xz'
2026-10-08 00:09:28 1791436168.065670 [tornettools] [INFO] Processing onionperf file: '/tmp/stage.1036331/onionperf-2026-09/08/2026-09-08.op-hk8a-conflux.onionperf.analysis.json.xz'
2026-10-08 00:09:28 1791436168.344020 [tornettools] [INFO] Processing onionperf file: '/tmp/stage.1036331/onionperf-2026-09/08/2026-09-08.op-us8a-conflux.onionperf.analysis.json.xz'
2026-10-08 00:09:28 1791436168.641443 [tornettools] [INFO] Processing onionperf file: '/tmp/stage.1036331/onionperf-2026-09/06/2026-09-06.op-de8a.onionperf.analysis.json.xz'
2026-10-08 00:09:28 1791436168.915998 [tornettools] [INFO] Processing onionperf file: '/tmp/stage.1036331/onionperf-2026-09/06/2026-09-06.op-hk8a.onionperf.analysis.json.xz'
2026-10-08 00:09:29 1791436169.163558 [tornettools] [INFO] Processing onionperf file: '/tmp/stage.1036331/onionperf-2026-09/06/2026-09-06.op-us8a.onionperf.analysis.json.xz'
2026-10-08 00:09:29 1791436169.411524 [tornettools] [INFO] Processing onionperf file: '/tmp/stage.1036331/onionperf-2026-09/06/2026-09-06.op-de8a-conflux.onionperf.analysis.json.xz'
2026-10-08 00:09:29 1791436169.843276 [tornettools] [INFO] Processing onionperf file: '/tmp/stage.1036331/onionperf-2026-09/06/2026-09-06.op-hk8a-conflux.onionperf.analysis.json.xz'
2026-10-08 00:09:30 1791436170.129000 [tornettools] [INFO] Processing onionperf file: '/tmp/stage.1036331/onionperf-2026-09/06/2026-09-06.op-us8a-conflux.onionperf.analysis.json.xz'
2026-10-08 00:09:30 1791436170.468557 [tornettools] [INFO] Processing onionperf file: '/tmp/stage.1036331/onionperf-2026-09/07/2026-09-07.op-de8a.onionperf.analysis.json.xz'
2026-10-08 00:09:30 1791436170.735509 [tornettools] [INFO] Processing onionperf file: '/tmp/stage.1036331/onionperf-2026-09/07/2026-09-07.op-hk8a.onionperf.analysis.json.xz'
2026-10-08 00:09:30 1791436170.967659 [tornettools] [INFO] Processing onionperf file: '/tmp/stage.1036331/onionperf-2026-09/07/2026-09-07.op-us8a.onionperf.analysis.json.xz'
2026-10-08 00:09:31 1791436171.226426 [tornettools] [INFO] Processing onionperf file: '/tmp/stage.1036331/onionperf-2026-09/07/2026-09-07.op-de8a-conflux.onionperf.analysis.json.xz'
2026-10-08 00:09:31 1791436171.506739 [tornettools] [INFO] Processing onionperf file: '/tmp/stage.1036331/onionperf-2026-09/07/2026-09-07.op-hk8a-conflux.onionperf.analysis.json.xz'
2026-10-08 00:09:31 1791436171.801711 [tornettools] [INFO] Processing onionperf file: '/tmp/stage.1036331/onionperf-2026-09/07/2026-09-07.op-us8a-conflux.onionperf.analysis.json.xz'
2026-10-08 00:09:32 1791436172.105395 [tornettools] [INFO] Processing onionperf file: '/tmp/stage.1036331/onionperf-2026-09/05/2026-09-05.op-de8a.onionperf.analysis.json.xz'
2026-10-08 00:09:32 1791436172.379396 [tornettools] [INFO] Processing onionperf file: '/tmp/stage.1036331/onionperf-2026-09/05/2026-09-05.op-hk8a.onionperf.analysis.json.xz'
2026-10-08 00:09:32 1791436172.605880 [tornettools] [INFO] Processing onionperf file: '/tmp/stage.1036331/onionperf-2026-09/05/2026-09-05.op-us8a.onionperf.analysis.json.xz'
2026-10-08 00:09:32 1791436172.847623 [tornettools] [INFO] Processing onionperf file: '/tmp/stage.1036331/onionperf-2026-09/05/2026-09-05.op-de8a-conflux.onionperf.analysis.json.xz'
2026-10-08 00:09:33 1791436173.138402 [tornettools] [INFO] Processing onionperf file: '/tmp/stage.1036331/onionperf-2026-09/05/2026-09-05.op-hk8a-conflux.onionperf.analysis.json.xz'
2026-10-08 00:09:33 1791436173.429514 [tornettools] [INFO] Processing onionperf file: '/tmp/stage.1036331/onionperf-2026-09/05/2026-09-05.op-us8a-conflux.onionperf.analysis.json.xz'
2026-10-08 00:09:33 1791436173.769404 [tornettools] [INFO] Processing onionperf file: '/tmp/stage.1036331/onionperf-2026-09/04/2026-09-04.op-de8a.onionperf.analysis.json.xz'
2026-10-08 00:09:34 1791436174.044687 [tornettools] [INFO] Processing onionperf file: '/tmp/stage.1036331/onionperf-2026-09/04/2026-09-04.op-hk8a.onionperf.analysis.json.xz'
2026-10-08 00:09:34 1791436174.267294 [tornettools] [INFO] Processing onionperf file: '/tmp/stage.1036331/onionperf-2026-09/04/2026-09-04.op-us8a.onionperf.analysis.json.xz'
2026-10-08 00:09:34 1791436174.519338 [tornettools] [INFO] Processing onionperf file: '/tmp/stage.1036331/onionperf-2026-09/04/2026-09-04.op-de8a-conflux.onionperf.analysis.json.xz'
2026-10-08 00:09:34 1791436174.804868 [tornettools] [INFO] Processing onionperf file: '/tmp/stage.1036331/onionperf-2026-09/04/2026-09-04.op-hk8a-conflux.onionperf.analysis.json.xz'
2026-10-08 00:09:35 1791436175.088062 [tornettools] [INFO] Processing onionperf file: '/tmp/stage.1036331/onionperf-2026-09/04/2026-09-04.op-us8a-conflux.onionperf.analysis.json.xz'
2026-10-08 00:09:35 1791436175.396440 [tornettools] [INFO] Processing onionperf file: '/tmp/stage.1036331/onionperf-2026-09/03/2026-09-03.op-de8a.onionperf.analysis.json.xz'
2026-10-08 00:09:35 1791436175.678015 [tornettools] [INFO] Processing onionperf file: '/tmp/stage.1036331/onionperf-2026-09/03/2026-09-03.op-hk8a.onionperf.analysis.json.xz'
2026-10-08 00:09:35 1791436175.918517 [tornettools] [INFO] Processing onionperf file: '/tmp/stage.1036331/onionperf-2026-09/03/2026-09-03.op-us8a.onionperf.analysis.json.xz'
2026-10-08 00:09:36 1791436176.172065 [tornettools] [INFO] Processing onionperf file: '/tmp/stage.1036331/onionperf-2026-09/03/2026-09-03.op-de8a-conflux.onionperf.analysis.json.xz'
2026-10-08 00:09:36 1791436176.450089 [tornettools] [INFO] Processing onionperf file: '/tmp/stage.1036331/onionperf-2026-09/03/2026-09-03.op-hk8a-conflux.onionperf.analysis.json.xz'
2026-10-08 00:09:36 1791436176.729134 [tornettools] [INFO] Processing onionperf file: '/tmp/stage.1036331/onionperf-2026-09/03/2026-09-03.op-us8a-conflux.onionperf.analysis.json.xz'
2026-10-08 00:09:37 1791436177.063725 [tornettools] [INFO] Processing onionperf file: '/tmp/stage.1036331/onionperf-2026-09/02/2026-09-02.op-de8a.onionperf.analysis.json.xz'
2026-10-08 00:09:37 1791436177.349090 [tornettools] [INFO] Processing onionperf file: '/tmp/stage.1036331/onionperf-2026-09/02/2026-09-02.op-hk8a.onionperf.analysis.json.xz'
2026-10-08 00:09:37 1791436177.598175 [tornettools] [INFO] Processing onionperf file: '/tmp/stage.1036331/onionperf-2026-09/02/2026-09-02.op-us8a.onionperf.analysis.json.xz'
2026-10-08 00:09:37 1791436177.850487 [tornettools] [INFO] Processing onionperf file: '/tmp/stage.1036331/onionperf-2026-09/02/2026-09-02.op-de8a-conflux.onionperf.analysis.json.xz'
2026-10-08 00:09:38 1791436178.146891 [tornettools] [INFO] Processing onionperf file: '/tmp/stage.1036331/onionperf-2026-09/02/2026-09-02.op-hk8a-conflux.onionperf.analysis.json.xz'
2026-10-08 00:09:38 1791436178.431206 [tornettools] [INFO] Processing onionperf file: '/tmp/stage.1036331/onionperf-2026-09/02/2026-09-02.op-us8a-conflux.onionperf.analysis.json.xz'
2026-10-08 00:09:38 1791436178.728534 [tornettools] [INFO] Processing onionperf file: '/tmp/stage.1036331/onionperf-2026-09/01/2026-09-01.op-de8a.onionperf.analysis.json.xz'
2026-10-08 00:09:39 1791436179.002545 [tornettools] [INFO] Processing onionperf file: '/tmp/stage.1036331/onionperf-2026-09/01/2026-09-01.op-hk8a.onionperf.analysis.json.xz'
2026-10-08 00:09:39 1791436179.267918 [tornettools] [INFO] Processing onionperf file: '/tmp/stage.1036331/onionperf-2026-09/01/2026-09-01.op-us8a.onionperf.analysis.json.xz'
2026-10-08 00:09:39 1791436179.523671 [tornettools] [INFO] Processing onionperf file: '/tmp/stage.1036331/onionperf-2026-09/01/2026-09-01.op-de8a-conflux.onionperf.analysis.json.xz'
2026-10-08 00:09:39 1791436179.808573 [tornettools] [INFO] Processing onionperf file: '/tmp/stage.1036331/onionperf-2026-09/01/2026-09-01.op-hk8a-conflux.onionperf.analysis.json.xz'
2026-10-08 00:09:40 1791436180.097568 [tornettools] [INFO] Processing onionperf file: '/tmp/stage.1036331/onionperf-2026-09/01/2026-09-01.op-us8a-conflux.onionperf.analysis.json.xz'
2026-10-08 00:09:40 1791436180.421921 [tornettools] [INFO] We processed 141775 downloads
2026-10-08 00:09:40 1791436180.446439 [tornettools] [INFO] Finished extracting onionperf data
2026-10-08 00:09:40 1791436180.446603 [tornettools] [INFO] Saving parsed Tor metrics data to /work/hdd/bdpr/vmattoo2/tor-shadow/data/staged/tor_metrics_2026-09-01--2026-09-30.json
